leave 08:37 arrive 08:58 (21m), 2 ride(s), safe
  walk 3m
  bus 160X 08:40–08:45 Chatswood Station → Babbage Rd At Park Av
  walk 5m
  bus 194 08:54–08:57 Addison Av At Moore St → Eastern Valley Way Opp Smith St — safe connection, 222s spare, next 09:24
  walk 2m
leave 08:37 arrive 09:00 (23m), 1 ride(s), safe
  walk 3m
  bus 160X 08:40–08:45 Chatswood Station → Babbage Rd At Park Av
  walk 16m
leave 08:49 arrive 09:02 (13m), 1 ride(s), safe
  walk 3m
  bus 281 08:52–09:02 Chatswood Station → Chatswood Business Park, Eastern Valley Way
  walk 1m
