leave 16:43 arrive 17:15 (32m), 2 ride(s), tight
  walk 3m
  train T9 16:46–16:49 Eastwood Station → West Ryde Station
  walk 3m
  bus 52 16:55–17:08 West Ryde Station → Rydalmere Park, Victoria Rd — tight connection, 137s spare, next 17:05
  walk 7m
leave 16:54 arrive 17:25 (31m), 2 ride(s), tight
  walk 3m
  train T9 16:57–16:59 Eastwood Station → West Ryde Station
  walk 3m
  bus 52 17:05–17:18 West Ryde Station → Rydalmere Park, Victoria Rd — tight connection, 137s spare, next 17:15
  walk 7m
leave 16:59 arrive 17:29 (30m), 1 ride(s), safe
  walk 3m
  bus 521 17:02–17:22 Eastwood Station → Rydalmere Park, Victoria Rd
  walk 7m
