leave 16:39 arrive 17:15 (36m), 2 ride(s), tight
  walk 3m
  train T9 16:42–16:44 Eastwood Station → West Ryde Station
  walk 8m
  bus 52 16:55–17:08 West Ryde Station → Rydalmere Park, Victoria Rd — tight connection, 168s spare, next 17:05
  walk 7m
leave 16:43 arrive 17:21 (38m), 2 ride(s), safe
  walk 3m
  train T9 16:46–16:49 Eastwood Station → West Ryde Station
  walk 3m
  bus 523 16:58–17:19 West Ryde Station → South St At Park Rd — safe connection, 306s spare, next 17:28
  walk 2m
leave 16:59 arrive 17:29 (30m), 1 ride(s), safe
  walk 3m
  bus 521 17:02–17:22 Eastwood Station → Rydalmere Park, Victoria Rd
  walk 7m
