leave 16:37 arrive 17:05 (28m), 2 ride(s), tight
  walk 3m
  metro M1 16:40–16:45 Epping Station → Macquarie Park Station
  walk 2m
  bus 292 16:48–16:57 Macquarie Park Station → Mowbray Rd At Fitzsimmons Av — tight connection, 62s spare, next 17:03
  walk 8m
leave 16:41 arrive 17:08 (27m), 2 ride(s), tight
  walk 3m
  metro M1 16:44–16:51 Epping Station → North Ryde Station
  walk 6m
  bus 288 17:01–17:03 Epping Rd At Rivett Rd → Epping Rd Before Cumberland Av — tight connection, 179s spare, next 17:18
  walk 6m
leave 16:45 arrive 17:12 (27m), 2 ride(s), safe
  walk 3m
  metro M1 16:48–16:55 Epping Station → North Ryde Station
  walk 4m
  bus 291 17:03–17:07 Epping Rd After Delhi Rd → Epping Rd Before Cumberland Av — safe connection, 218s spare, next 17:33
  walk 6m
leave 16:49 arrive 17:21 (32m), 2 ride(s), at-risk
  walk 3m
  metro M1 16:52–16:57 Epping Station → Macquarie Park Station
  walk 4m
  bus 292 17:02–17:13 Lane Cove Rd After Talavera Rd → Mowbray Rd At Fitzsimmons Av — at-risk connection, 35s spare, next 17:20
  walk 8m
