snapshot 12:37
leave 12:39 arrive 13:07 (28m), 2 ride(s), tight
  walk 3m
  metro M1 12:42–12:49 Epping Station → North Ryde Station (on time)
  walk 6m
  bus 533 12:57–12:59 Epping Rd At Rivett Rd → Mowbray Rd At Hinkler Cres (4m late) — tight connection, 98s spare, next 13:25
  walk 8m
leave 12:49 arrive 13:17 (28m), 2 ride(s), tight
  walk 3m
  metro M1 12:52–13:00 Epping Station → North Ryde Station (on time)
  walk 6m
  bus 288 13:09–13:12 Epping Rd At Rivett Rd → Epping Rd Before Cumberland Av (on time) — tight connection, 171s spare, next 13:30
  walk 6m
leave 12:59 arrive 13:24 (25m), 2 ride(s), tight
  walk 3m
  metro M1 13:02–13:09 Epping Station → North Ryde Station (on time)
  walk 4m
  bus 291 13:15–13:19 Epping Rd After Delhi Rd → Epping Rd Opp Sam Johnson Way (on time) — tight connection, 101s spare, next 14:15
  walk 5m
